// Jest Snapshot v1, https://goo.gl/fbAQLP

exports[`Pofile component expect to render Profile component 1`] = `ShallowWrapper {}`;

exports[`Testing of Pofile component expect to render Profile component 1`] = `ShallowWrapper {}`;
